Identifier,Type,Name,Address,Owner:First name,Owner:Last name,Owner:Email,Coffee quality,Type of coke
1,cafe,Cafe Open,,Clark,Kent,contact@cafeopen.example,passable,
2,pub,Pints R Us,,Jim,Kirk,pintsrus@protonmail.com,,pepsi
