Identifier,Dish:Identifier,Dish:Name,Dish:Allergens:Free from,Dish:Allergens:Contains,Dish:Allergens:Label
1,bfast,All Day Breakfast,dairy;eggs,gluten;soy,vegan;vegetarian
1,soup,Jack's Soup,onion;garlic,dairy,vegetarian
