Identifier,Owner:First name,Owner:Last name,Owner:Email
1,Clark,Kent,contact@cafeopen.example
2,Jim,Kirk,pintsrus@protonmail.com
