Identifier,Pint:Name,Pint:Cost,pints/0/price
2,Beer,,2gbp
2,Larger,,
