id,table/0/id,table/0/dish/0/id,table/0/dish/0/name,table/0/dish/0/cost
CAFE-HEALTH,TABLE-1,,Fish and Chips,9.95
CAFE-HEALTH,TABLE-1,,Pesto Pasta Salad,6.95
CAFE-HEALTH,TABLE-3,,Fish and Chips,9.95
CAFE-VEG,TABLE-16,,Large Glass Sauvignon,5.95
