id,name,address
CAFE-HEALTH,Healthy Cafe,
CAFE-VEG,Vegetarian Cafe,
