{
    "0/name": [
        [
            "data",
            "A",
            2,
            "name"
        ]
    ],
    "0": [
        [
            "data",
            2
        ]
    ]
}