id,name
CAFE-HEALTH,Healthy Cafe
CAFE-VEG,Vegetarian Cafe
