id,type,title,owners/0/firstname,owners/0/lastname,owners/0/email,coffee,coke
1,cafe,Cafe Open,Clark,Kent,contact@cafeopen.example,passable,
2,pub,Pints R Us,Jim,Kirk,pintsrus@protonmail.com,,pepsi
