id,dishes/0/id,dishes/0/title,dishes/0/allergens/freefrom,dishes/0/allergens/contains,dishes/0/allergens/label
1,bfast,All Day Breakfast,dairy;eggs,gluten;soy,vegan;vegetarian
1,soup,Jack's Soup,onion;garlic,dairy,vegetarian
