id,owners/0/firstname,owners/0/lastname,owners/0/email
1,Clark,Kent,contact@cafeopen.example
2,Jim,Kirk,pintsrus@protonmail.com
