Identifier,Type,Name,Address,Coffee quality,Type of coke,Owner:First name,Owner:Last name,Owner:Email
1,cafe,Cafe Open,,passable,,Clark,Kent,contact@cafeopen.example
2,pub,Pints R Us,,,pepsi,Jim,Kirk,pintsrus@protonmail.com
