geo/type,geo/coordinates
Point,53.486434;-2.239353
