Identifier,Table:Identifier,Table:Dish:Identifier,Table:Dish:Name,Table:Dish:Cost
