Identifier,Was it soggy?,Was it noisy?
monday,tons and tons,none
tuesday,dry as a bone,loud as fireworks night
